// Jest Snapshot v1, https://goo.gl/fbAQLP

exports[`Button should render properly 1`] = `
.c0 {
  display: inline-block;
  outline: 0;
  cursor: pointer;
  text-align: center;
  border: 0;
  padding: 7px 16px;
  min-height: 36px;
  min-width: 36px;
  color: #ffffff;
  background: #008060;
  border-radius: 4px;
  font-weight: 500;
  font-size: 14px;
  box-shadow: rgba(0, 0, 0, 0.05) 0px 1px 0px 0px,rgba(0, 0, 0, 0.2) 0px -1px 0px 0px inset;
}

.c0 :hover {
  background: #006e52;
}

<div>
  <button
    class="c0"
    type="button"
  />
</div>
`;
